2026-04-09 15:03:54,788 - pipeline - INFO - 
======================================================================
2026-04-09 15:03:54,788 - pipeline - INFO - STARTING COMPLETE PIPELINE
2026-04-09 15:03:54,789 - pipeline - INFO - ======================================================================

2026-04-09 15:03:54,790 - ingest - INFO - ======================================================================
2026-04-09 15:03:54,791 - ingest - INFO - STAGE: BRONZE INGESTION
2026-04-09 15:03:54,791 - ingest - INFO - ======================================================================
2026-04-09 15:03:54,795 - ingest - WARNING - No files found with config patterns; falling back to default Excel patterns
2026-04-09 15:03:54,800 - ingest - INFO - discover_raw_files found 4 files using patterns ['*.xlsx', '*.xls']
2026-04-09 15:03:54,800 - ingest - INFO - Found 4 raw data files
2026-04-09 15:03:54,814 - ingest - INFO - Cataloged: anex-GastoConstantes-IVtrim2025.xlsx (484,041 bytes)
2026-04-09 15:03:54,934 - ingest - INFO - Cataloged: anexo-mercado-laboral-segun-proyecciones-CNPV2018.xlsx (7,556,793 bytes)
2026-04-09 15:03:54,943 - ingest - INFO - Cataloged: anexos_IIOC_IVtrim20.xlsx (279,217 bytes)
2026-04-09 15:03:54,948 - ingest - INFO - Cataloged: ipoc_2020_2024.xlsx (5,669 bytes)
2026-04-09 15:03:54,962 - ingest - INFO - Manifest saved: reports/raw_manifest.csv
2026-04-09 15:03:54,965 - ingest - INFO - Ingestion complete: 4 files cataloged
2026-04-09 15:03:54,966 - ingest - INFO - ======================================================================
2026-04-09 15:03:54,970 - pipeline.bronze - INFO - ✅ BRONZE stage completed
2026-04-09 15:03:54,971 - clean - INFO - SILVER STAGE: Cleaning and standardizing data
2026-04-09 15:03:54,974 - pipeline.silver - ERROR - ❌ SILVER stage failed: 'file_path'
Traceback (most recent call last):
  File "/mnt/d/Universidad/Seminario/proyecto_seminario/src/pipeline.py", line 65, in run_silver
    clean.main()
    ~~~~~~~~~~^^
  File "/mnt/d/Universidad/Seminario/proyecto_seminario/src/etl/clean.py", line 306, in main
    df = parse_source(source, logger)
  File "/mnt/d/Universidad/Seminario/proyecto_seminario/src/etl/clean.py", line 101, in parse_source
    file_path = RAW / source['file_path']
                      ~~~~~~^^^^^^^^^^^^^
KeyError: 'file_path'
